[0.339s] Invoking command in '/home/doramy/ROS2_Humble_LS2K0300/Example/ROS2_Humble_ws/build/e07_nav2_bringup': /usr/bin/cmake /home/doramy/ROS2_Humble_LS2K0300/Example/ROS2_Humble_ws/src/e07_nav2_bringup -DCMAKE_INSTALL_PREFIX=/home/doramy/ROS2_Humble_LS2K0300/Example/ROS2_Humble_ws/install/e07_nav2_bringup
[0.415s] -- Found ament_cmake: 1.3.11 (/opt/ros/humble/share/ament_cmake/cmake)
[0.916s] -- Found nav2_bringup: 1.1.18 (/opt/ros/humble/share/nav2_bringup/cmake)
[0.918s] -- Found nav2_common: 1.1.18 (/opt/ros/humble/share/nav2_common/cmake)
[0.922s] -- Found rclcpp: 16.0.12 (/opt/ros/humble/share/rclcpp/cmake)
[1.081s] -- Found rosidl_generator_c: 3.1.6 (/opt/ros/humble/share/rosidl_generator_c/cmake)
[1.095s] -- Found rosidl_adapter: 3.1.6 (/opt/ros/humble/share/rosidl_adapter/cmake)
[1.128s] -- Found rosidl_generator_cpp: 3.1.6 (/opt/ros/humble/share/rosidl_generator_cpp/cmake)
[1.174s] -- Using all available rosidl_typesupport_c: rosidl_typesupport_fastrtps_c;rosidl_typesupport_introspection_c
[1.237s] -- Using all available rosidl_typesupport_cpp: rosidl_typesupport_fastrtps_cpp;rosidl_typesupport_introspection_cpp
[1.401s] -- Found rmw_implementation_cmake: 6.1.2 (/opt/ros/humble/share/rmw_implementation_cmake/cmake)
[1.412s] -- Found rmw_fastrtps_cpp: 6.2.7 (/opt/ros/humble/share/rmw_fastrtps_cpp/cmake)
[1.777s] -- Using RMW implementation 'rmw_fastrtps_cpp' as default
[2.005s] -- Found ament_lint_auto: 0.12.12 (/opt/ros/humble/share/ament_lint_auto/cmake)
[2.158s] Error parsing '/home/doramy/ROS2_Humble_LS2K0300/Example/ROS2_Humble_ws/src/e07_nav2_bringup/package.xml':
[2.365s] Traceback (most recent call last):
[2.366s]   File "/usr/lib/python3/dist-packages/catkin_pkg/package.py", line 610, in parse_package_string
[2.367s]     root = dom.parseString(data)
[2.367s]   File "/usr/lib/python3.10/xml/dom/minidom.py", line 2000, in parseString
[2.369s]     return expatbuilder.parseString(string)
[2.370s]   File "/usr/lib/python3.10/xml/dom/expatbuilder.py", line 925, in parseString
[2.374s]     return builder.parseString(string)
[2.374s]   File "/usr/lib/python3.10/xml/dom/expatbuilder.py", line 223, in parseString
[2.375s]     parser.Parse(string, True)
[2.375s] xml.parsers.expat.ExpatError: XML or text declaration not at start of entity: line 24, column 0
[2.375s] 
[2.375s] During handling of the above exception, another exception occurred:
[2.376s] 
[2.376s] Traceback (most recent call last):
[2.376s]   File "/opt/ros/humble/share/ament_cmake_core/cmake/core/package_xml_2_cmake.py", line 150, in <module>
[2.376s]     main()
[2.377s]   File "/opt/ros/humble/share/ament_cmake_core/cmake/core/package_xml_2_cmake.py", line 53, in main
[2.377s]     raise e
[2.377s]   File "/opt/ros/humble/share/ament_cmake_core/cmake/core/package_xml_2_cmake.py", line 49, in main
[2.377s]     package = parse_package_string(
[2.377s]   File "/usr/lib/python3/dist-packages/catkin_pkg/package.py", line 612, in parse_package_string
[2.377s]     raise InvalidPackage('The manifest contains invalid XML:\n%s' % ex, filename)
[2.378s] catkin_pkg.package.InvalidPackage: Error(s) in package '/home/doramy/ROS2_Humble_LS2K0300/Example/ROS2_Humble_ws/src/e07_nav2_bringup/package.xml':
[2.378s] The manifest contains invalid XML:
[2.378s] XML or text declaration not at start of entity: line 24, column 0
[2.408s] [31mCMake Error at /opt/ros/humble/share/ament_cmake_core/cmake/core/ament_package_xml.cmake:95 (message):
[2.408s]   execute_process(/usr/bin/python3
[2.409s]   /opt/ros/humble/share/ament_cmake_core/cmake/core/package_xml_2_cmake.py
[2.409s]   /home/doramy/ROS2_Humble_LS2K0300/Example/ROS2_Humble_ws/src/e07_nav2_bringup/package.xml
[2.409s]   /home/doramy/ROS2_Humble_LS2K0300/Example/ROS2_Humble_ws/build/e07_nav2_bringup/ament_cmake_core/package.cmake)
[2.410s]   returned error code 1
[2.410s] Call Stack (most recent call first):
[2.411s]   /opt/ros/humble/share/ament_cmake_core/cmake/core/ament_package_xml.cmake:49 (_ament_package_xml)
[2.411s]   /opt/ros/humble/share/ament_lint_auto/cmake/ament_lint_auto_find_test_dependencies.cmake:31 (ament_package_xml)
[2.411s]   CMakeLists.txt:70 (ament_lint_auto_find_test_dependencies)
[2.411s] 
[2.412s] [0m
[2.412s] -- Configuring incomplete, errors occurred!
[2.412s] See also "/home/doramy/ROS2_Humble_LS2K0300/Example/ROS2_Humble_ws/build/e07_nav2_bringup/CMakeFiles/CMakeOutput.log".
[2.433s] Invoked command in '/home/doramy/ROS2_Humble_LS2K0300/Example/ROS2_Humble_ws/build/e07_nav2_bringup' returned '1': /usr/bin/cmake /home/doramy/ROS2_Humble_LS2K0300/Example/ROS2_Humble_ws/src/e07_nav2_bringup -DCMAKE_INSTALL_PREFIX=/home/doramy/ROS2_Humble_LS2K0300/Example/ROS2_Humble_ws/install/e07_nav2_bringup
